// Jest Snapshot v1, https://goo.gl/fbAQLP

exports[`<ApprovalDialog  /> should match snapshot 1`] = `null`;
